MPLINK 4.37, Linker
Linker Map File - Created Mon Nov 26 23:09:47 2018

                                 Section Info
                  Section       Type    Address   Location Size(Bytes)
                ---------  ---------  ---------  ---------  ---------
                   .org_0       code   0x000000    program   0x000000
                   .org_1       code   0x000000    program   0x0000c2
       .config_2007_DNY.O       code   0x002007    program   0x000002



                              Program Memory Usage 
                               Start         End      
                           ---------   ---------      
                            0x000000    0x000060      
                            0x002007    0x002007      
            98 out of 8453 program addresses used, program memory utilization is 1%



                              Symbols - Sorted by Name
                     Name    Address   Location    Storage File                     
                ---------  ---------  ---------  --------- ---------                
                       D1   0x00005a    program     static C:\Users\yssaydam\Desktop\Mikro\Mikro(dönem)\Deney-5\dny.asm
                       D2   0x00005c    program     static C:\Users\yssaydam\Desktop\Mikro\Mikro(dönem)\Deney-5\dny.asm
                    DELAY   0x000058    program     static C:\Users\yssaydam\Desktop\Mikro\Mikro(dönem)\Deney-5\dny.asm
               ENGINE_DEC   0x000050    program     static C:\Users\yssaydam\Desktop\Mikro\Mikro(dönem)\Deney-5\dny.asm
               ENGINE_INC   0x000048    program     static C:\Users\yssaydam\Desktop\Mikro\Mikro(dönem)\Deney-5\dny.asm
                  LED_DEC   0x000040    program     static C:\Users\yssaydam\Desktop\Mikro\Mikro(dönem)\Deney-5\dny.asm
                  LED_INC   0x000038    program     static C:\Users\yssaydam\Desktop\Mikro\Mikro(dönem)\Deney-5\dny.asm
                     LOOP   0x000021    program     static C:\Users\yssaydam\Desktop\Mikro\Mikro(dönem)\Deney-5\dny.asm
                  PWM_OFF   0x000031    program     static C:\Users\yssaydam\Desktop\Mikro\Mikro(dönem)\Deney-5\dny.asm
                   PWM_ON   0x00002e    program     static C:\Users\yssaydam\Desktop\Mikro\Mikro(dönem)\Deney-5\dny.asm
                   SETUP1   0x000001    program     static C:\Users\yssaydam\Desktop\Mikro\Mikro(dönem)\Deney-5\dny.asm
                   SETUP2   0x00000f    program     static C:\Users\yssaydam\Desktop\Mikro\Mikro(dönem)\Deney-5\dny.asm



                              Symbols - Sorted by Address
                     Name    Address   Location    Storage File                     
                ---------  ---------  ---------  --------- ---------                
                   SETUP1   0x000001    program     static C:\Users\yssaydam\Desktop\Mikro\Mikro(dönem)\Deney-5\dny.asm
                   SETUP2   0x00000f    program     static C:\Users\yssaydam\Desktop\Mikro\Mikro(dönem)\Deney-5\dny.asm
                     LOOP   0x000021    program     static C:\Users\yssaydam\Desktop\Mikro\Mikro(dönem)\Deney-5\dny.asm
                   PWM_ON   0x00002e    program     static C:\Users\yssaydam\Desktop\Mikro\Mikro(dönem)\Deney-5\dny.asm
                  PWM_OFF   0x000031    program     static C:\Users\yssaydam\Desktop\Mikro\Mikro(dönem)\Deney-5\dny.asm
                  LED_INC   0x000038    program     static C:\Users\yssaydam\Desktop\Mikro\Mikro(dönem)\Deney-5\dny.asm
                  LED_DEC   0x000040    program     static C:\Users\yssaydam\Desktop\Mikro\Mikro(dönem)\Deney-5\dny.asm
               ENGINE_INC   0x000048    program     static C:\Users\yssaydam\Desktop\Mikro\Mikro(dönem)\Deney-5\dny.asm
               ENGINE_DEC   0x000050    program     static C:\Users\yssaydam\Desktop\Mikro\Mikro(dönem)\Deney-5\dny.asm
                    DELAY   0x000058    program     static C:\Users\yssaydam\Desktop\Mikro\Mikro(dönem)\Deney-5\dny.asm
                       D1   0x00005a    program     static C:\Users\yssaydam\Desktop\Mikro\Mikro(dönem)\Deney-5\dny.asm
                       D2   0x00005c    program     static C:\Users\yssaydam\Desktop\Mikro\Mikro(dönem)\Deney-5\dny.asm


