MPLINK 4.37, Linker
Linker Map File - Created Tue Nov 06 22:04:10 2018

                                 Section Info
                  Section       Type    Address   Location Size(Bytes)
                ---------  ---------  ---------  ---------  ---------
                   .org_0       code   0x000000    program   0x000000
                   .org_1       code   0x000000    program   0x000002
                   .org_2       code   0x000004    program   0x0000c2
     .config_2007_DNY-3.O       code   0x002007    program   0x000002



                              Program Memory Usage 
                               Start         End      
                           ---------   ---------      
                            0x000000    0x000000      
                            0x000004    0x000064      
                            0x002007    0x002007      
            99 out of 8453 program addresses used, program memory utilization is 1%



                              Symbols - Sorted by Name
                     Name    Address   Location    Storage File                     
                ---------  ---------  ---------  --------- ---------                
                       D1   0x00005e    program     static C:\Users\yssaydam\Desktop\Mikro\Mikro(dönem)\Deney-3\dny-3.asm
                       D2   0x000060    program     static C:\Users\yssaydam\Desktop\Mikro\Mikro(dönem)\Deney-3\dny-3.asm
                    DELAY   0x00005c    program     static C:\Users\yssaydam\Desktop\Mikro\Mikro(dönem)\Deney-3\dny-3.asm
                INTERRUPT   0x000005    program     static C:\Users\yssaydam\Desktop\Mikro\Mikro(dönem)\Deney-3\dny-3.asm
                   LOOKUP   0x000051    program     static C:\Users\yssaydam\Desktop\Mikro\Mikro(dönem)\Deney-3\dny-3.asm
                     MAIN   0x000042    program     static C:\Users\yssaydam\Desktop\Mikro\Mikro(dönem)\Deney-3\dny-3.asm
                    SETUP   0x00001f    program     static C:\Users\yssaydam\Desktop\Mikro\Mikro(dönem)\Deney-3\dny-3.asm



                              Symbols - Sorted by Address
                     Name    Address   Location    Storage File                     
                ---------  ---------  ---------  --------- ---------                
                INTERRUPT   0x000005    program     static C:\Users\yssaydam\Desktop\Mikro\Mikro(dönem)\Deney-3\dny-3.asm
                    SETUP   0x00001f    program     static C:\Users\yssaydam\Desktop\Mikro\Mikro(dönem)\Deney-3\dny-3.asm
                     MAIN   0x000042    program     static C:\Users\yssaydam\Desktop\Mikro\Mikro(dönem)\Deney-3\dny-3.asm
                   LOOKUP   0x000051    program     static C:\Users\yssaydam\Desktop\Mikro\Mikro(dönem)\Deney-3\dny-3.asm
                    DELAY   0x00005c    program     static C:\Users\yssaydam\Desktop\Mikro\Mikro(dönem)\Deney-3\dny-3.asm
                       D1   0x00005e    program     static C:\Users\yssaydam\Desktop\Mikro\Mikro(dönem)\Deney-3\dny-3.asm
                       D2   0x000060    program     static C:\Users\yssaydam\Desktop\Mikro\Mikro(dönem)\Deney-3\dny-3.asm


