MPLINK 4.37, Linker
Linker Map File - Created Mon Oct 22 19:16:41 2018

                                 Section Info
                  Section       Type    Address   Location Size(Bytes)
                ---------  ---------  ---------  ---------  ---------
                   .org_0       code   0x000000    program   0x000000
                   .org_1       code   0x000000    program   0x000002
                   .org_2       code   0x000004    program   0x00004a
     .config_2007_DENEY.O       code   0x002007    program   0x000002



                              Program Memory Usage 
                               Start         End      
                           ---------   ---------      
                            0x000000    0x000000      
                            0x000004    0x000028      
                            0x002007    0x002007      
            39 out of 8453 program addresses used, program memory utilization is 0%



                              Symbols - Sorted by Name
                     Name    Address   Location    Storage File                     
                ---------  ---------  ---------  --------- ---------                
                  CONTROL   0x00001e    program     static C:\Users\yssaydam\Desktop\Mikro\Mikro(dönem)\Deney-1\deney.asm
                    H_LED   0x000023    program     static C:\Users\yssaydam\Desktop\Mikro\Mikro(dönem)\Deney-1\deney.asm
                    L_LED   0x000026    program     static C:\Users\yssaydam\Desktop\Mikro\Mikro(dönem)\Deney-1\deney.asm
                    SETUP   0x000004    program     static C:\Users\yssaydam\Desktop\Mikro\Mikro(dönem)\Deney-1\deney.asm
                    START   0x000018    program     static C:\Users\yssaydam\Desktop\Mikro\Mikro(dönem)\Deney-1\deney.asm



                              Symbols - Sorted by Address
                     Name    Address   Location    Storage File                     
                ---------  ---------  ---------  --------- ---------                
                    SETUP   0x000004    program     static C:\Users\yssaydam\Desktop\Mikro\Mikro(dönem)\Deney-1\deney.asm
                    START   0x000018    program     static C:\Users\yssaydam\Desktop\Mikro\Mikro(dönem)\Deney-1\deney.asm
                  CONTROL   0x00001e    program     static C:\Users\yssaydam\Desktop\Mikro\Mikro(dönem)\Deney-1\deney.asm
                    H_LED   0x000023    program     static C:\Users\yssaydam\Desktop\Mikro\Mikro(dönem)\Deney-1\deney.asm
                    L_LED   0x000026    program     static C:\Users\yssaydam\Desktop\Mikro\Mikro(dönem)\Deney-1\deney.asm


