MPLINK 4.37, Linker
Linker Map File - Created Tue Nov 20 14:55:17 2018

                                 Section Info
                  Section       Type    Address   Location Size(Bytes)
                ---------  ---------  ---------  ---------  ---------
                   .org_0       code   0x000000    program   0x000000
                   .org_1       code   0x000000    program   0x000002
                   .org_2       code   0x000004    program   0x00004e
       .config_2007_DNY.O       code   0x002007    program   0x000002



                              Program Memory Usage 
                               Start         End      
                           ---------   ---------      
                            0x000000    0x000000      
                            0x000004    0x00002a      
                            0x002007    0x002007      
            41 out of 8453 program addresses used, program memory utilization is 0%



                              Symbols - Sorted by Name
                     Name    Address   Location    Storage File                     
                ---------  ---------  ---------  --------- ---------                
                       D1   0x000024    program     static C:\Users\yssaydam\Desktop\Mikro\Mikro(dönem)\Deney-4\dny.asm
                       D2   0x000026    program     static C:\Users\yssaydam\Desktop\Mikro\Mikro(dönem)\Deney-4\dny.asm
                    DELAY   0x000022    program     static C:\Users\yssaydam\Desktop\Mikro\Mikro(dönem)\Deney-4\dny.asm
                INTERRUPT   0x000005    program     static C:\Users\yssaydam\Desktop\Mikro\Mikro(dönem)\Deney-4\dny.asm
                     LOOP   0x000021    program     static C:\Users\yssaydam\Desktop\Mikro\Mikro(dönem)\Deney-4\dny.asm
                    SETUP   0x00000b    program     static C:\Users\yssaydam\Desktop\Mikro\Mikro(dönem)\Deney-4\dny.asm



                              Symbols - Sorted by Address
                     Name    Address   Location    Storage File                     
                ---------  ---------  ---------  --------- ---------                
                INTERRUPT   0x000005    program     static C:\Users\yssaydam\Desktop\Mikro\Mikro(dönem)\Deney-4\dny.asm
                    SETUP   0x00000b    program     static C:\Users\yssaydam\Desktop\Mikro\Mikro(dönem)\Deney-4\dny.asm
                     LOOP   0x000021    program     static C:\Users\yssaydam\Desktop\Mikro\Mikro(dönem)\Deney-4\dny.asm
                    DELAY   0x000022    program     static C:\Users\yssaydam\Desktop\Mikro\Mikro(dönem)\Deney-4\dny.asm
                       D1   0x000024    program     static C:\Users\yssaydam\Desktop\Mikro\Mikro(dönem)\Deney-4\dny.asm
                       D2   0x000026    program     static C:\Users\yssaydam\Desktop\Mikro\Mikro(dönem)\Deney-4\dny.asm


